\BOOKMARK [1][-]{section.1}{\376\377\000I\000n\000t\000r\000o\000d\000u\000c\000t\000i\000o\000n}{}% 1
\BOOKMARK [1][-]{section.2}{\376\377\000R\000e\000l\000a\000t\000e\000d\000\040\000W\000o\000r\000k}{}% 2
\BOOKMARK [1][-]{section.3}{\376\377\000M\000e\000t\000h\000o\000d}{}% 3
\BOOKMARK [2][-]{subsection.4}{\376\377\000P\000r\000e\000l\000i\000m\000i\000n\000a\000r\000i\000e\000s}{section.3}% 4
\BOOKMARK [2][-]{subsection.5}{\376\377\000T\000r\000a\000i\000n\000i\000n\000g\000\040\000S\000t\000a\000g\000e\000:\000\040\000L\000o\000R\000A\000-\000N\000S\000P}{section.3}% 5
\BOOKMARK [2][-]{subsection.26}{\376\377\000I\000n\000f\000e\000r\000e\000n\000c\000e\000\040\000S\000t\000a\000g\000e\000:\000\040\000E\000n\000s\000e\000m\000b\000l\000e\000\040\000C\000l\000a\000s\000s\000i\000f\000i\000e\000r}{section.3}% 6
\BOOKMARK [1][-]{section.37}{\376\377\000E\000x\000p\000e\000r\000i\000m\000e\000n\000t\000s}{}% 7
\BOOKMARK [2][-]{subsection.38}{\376\377\000E\000x\000p\000e\000r\000i\000m\000e\000n\000t\000a\000l\000\040\000S\000e\000t\000u\000p}{section.37}% 8
\BOOKMARK [2][-]{subsection.39}{\376\377\000M\000a\000i\000n\000\040\000R\000e\000s\000u\000l\000t\000s}{section.37}% 9
\BOOKMARK [2][-]{subsection.40}{\376\377\000S\000t\000a\000t\000i\000s\000t\000i\000c\000a\000l\000\040\000R\000e\000p\000l\000a\000y\000\040\000P\000r\000o\000t\000o\000c\000o\000l}{section.37}% 10
\BOOKMARK [1][-]{section.45}{\376\377\000C\000o\000n\000c\000l\000u\000s\000i\000o\000n}{}% 11
\BOOKMARK [1][-]{appendix.47}{\376\377\000M\000A\000P\000\040\000E\000q\000u\000i\000v\000a\000l\000e\000n\000c\000e\000\040\000o\000f\000\040\000R\000G\000D\000A\000\040\000U\000n\000d\000e\000r\000\040\000a\000\040\000R\000e\000g\000u\000l\000a\000r\000i\000z\000e\000d\000\040\000G\000a\000u\000s\000s\000i\000a\000n\000\040\000M\000o\000d\000e\000l}{}% 12
\BOOKMARK [1][-]{appendix.55}{\376\377\000L\000R\000-\000R\000G\000D\000A\000\040\000D\000i\000s\000c\000r\000i\000m\000i\000n\000a\000n\000t\000\040\000F\000u\000n\000c\000t\000i\000o\000n\000\040\000D\000e\000r\000i\000v\000a\000t\000i\000o\000n}{}% 13
\BOOKMARK [1][-]{appendix.62}{\376\377\000C\000o\000m\000p\000l\000e\000x\000i\000t\000y\000\040\000A\000n\000a\000l\000y\000s\000i\000s\000\040\000o\000f\000\040\000L\000R\000-\000R\000G\000D\000A}{}% 14
\BOOKMARK [2][-]{subsection.63}{\376\377\000I\000n\000f\000e\000r\000e\000n\000c\000e\000\040\000C\000o\000m\000p\000l\000e\000x\000i\000t\000y\000\040\000p\000e\000r\000\040\000S\000a\000m\000p\000l\000e}{appendix.62}% 15
\BOOKMARK [2][-]{subsection.72}{\376\377\000P\000r\000e\000c\000o\000m\000p\000u\000t\000a\000t\000i\000o\000n\000\040\000C\000o\000s\000t\000s}{appendix.62}% 16
\BOOKMARK [2][-]{subsection.75}{\376\377\000S\000t\000o\000r\000a\000g\000e\000\040\000C\000o\000m\000p\000l\000e\000x\000i\000t\000y}{appendix.62}% 17
\BOOKMARK [2][-]{subsection.76}{\376\377\000P\000r\000a\000c\000t\000i\000c\000a\000l\000\040\000C\000o\000n\000s\000i\000d\000e\000r\000a\000t\000i\000o\000n\000s}{appendix.62}% 18
\BOOKMARK [1][-]{appendix.77}{\376\377\000P\000r\000o\000o\000f\000\040\000o\000f\000\040\000T\000h\000e\000o\000r\000e\000m\000\040\0003\000.\0002\000:\000\040\000N\000S\000P\000\040\000a\000s\000\040\000a\000\040\000D\000e\000g\000e\000n\000e\000r\000a\000t\000e\000\040\000F\000o\000r\000m\000\040\000o\000f\000\040\000L\000o\000R\000A}{}% 19
\BOOKMARK [1][-]{appendix.86}{\376\377\000P\000r\000o\000o\000f\000\040\000o\000f\000\040\000T\000h\000e\000o\000r\000e\000m\000\040\0003\000.\0005\000:\000\040\000E\000x\000p\000r\000e\000s\000s\000i\000v\000e\000\040\000E\000q\000u\000i\000v\000a\000l\000e\000n\000c\000e\000\040\000o\000f\000\040\000L\000o\000R\000A\000-\000N\000S\000P\000\040\000a\000n\000d\000\040\000L\000o\000R\000A}{}% 20
\BOOKMARK [1][-]{appendix.89}{\376\377\000P\000r\000o\000o\000f\000\040\000o\000f\000\040\000P\000r\000o\000p\000o\000s\000i\000t\000i\000o\000n\000\040\0003\000.\0001\000:\000\040\000E\000q\000u\000i\000v\000a\000l\000e\000n\000t\000\040\000W\000e\000i\000g\000h\000t\000\040\000U\000p\000d\000a\000t\000e\000\040\000f\000o\000r\000\040\000L\000o\000R\000A}{}% 21
\BOOKMARK [1][-]{appendix.93}{\376\377\000P\000y\000T\000o\000r\000c\000h\000\040\000P\000s\000e\000u\000d\000o\000c\000o\000d\000e\000\040\000f\000o\000r\000\040\000L\000o\000R\000A\000-\000N\000S\000P}{}% 22
